// Jest Snapshot v1, https://goo.gl/fbAQLP

exports[`With Snapshot Testing App shows "Hello world!" 1`] = `
<div
  className="jsx-316859968"
>
  <p
    className="jsx-316859968"
  >
    Hello World!
  </p>
</div>
`;
